// Vitest Snapshot v1, https://vitest.dev/guide/snapshot.html

exports[`pipeline fake — golden output > toutes les métriques produisent un output identique 1`] = `
{
  "aging-wip": {
    "asOf": "2026-01-15",
    "count": 7,
    "issues": [
      {
        "ageDays": 32.625,
        "issueKey": "DEMO-38",
        "riskLevel": "critical",
        "startedAt": "2025-12-01T09:00:00.000Z",
        "status": "In Progress",
        "summary": "Fix login failure for SSO users on Safari",
      },
      {
        "ageDays": 21.625,
        "issueKey": "DEMO-37",
        "riskLevel": "critical",
        "startedAt": "2025-12-16T09:00:00.000Z",
        "status": "Awaiting PO",
        "summary": "Implement GDPR data export feature",
      },
      {
        "ageDays": 17.625,
        "issueKey": "DEMO-43",
        "riskLevel": "critical",
        "startedAt": "2025-12-22T09:00:00.000Z",
        "status": "In Review",
        "summary": "Fix broken CSV export for non-ASCII characters",
      },
      {
        "ageDays": 10.625,
        "issueKey": "DEMO-36",
        "riskLevel": "critical",
        "startedAt": "2025-12-31T09:00:00.000Z",
        "status": "In QA",
        "summary": "Migrate legacy API endpoints to v2",
      },
      {
        "ageDays": 6.625,
        "issueKey": "DEMO-35",
        "riskLevel": "watch",
        "startedAt": "2026-01-06T09:00:00.000Z",
        "status": "In Review",
        "summary": "Add keyboard shortcuts to editor",
      },
      {
        "ageDays": 4.625,
        "issueKey": "DEMO-42",
        "riskLevel": "ok",
        "startedAt": "2026-01-08T09:00:00.000Z",
        "status": "In Progress",
        "summary": "Add audit log dashboard for admin panel",
      },
      {
        "ageDays": 1.625,
        "issueKey": "DEMO-34",
        "riskLevel": "ok",
        "startedAt": "2026-01-13T09:00:00.000Z",
        "status": "In Progress",
        "summary": "Implement real-time notifications",
      },
    ],
    "percentiles": {
      "p50": 6.291666666666666,
      "p85": 8.291666666666666,
      "p95": 8.291666666666666,
    },
    "riskCounts": {
      "atRisk": 0,
      "critical": 4,
      "ok": 2,
      "watch": 1,
    },
    "unit": "j",
  },
  "bug-backlog": {
    "closed": 12,
    "created": 14,
    "netFlow": -2,
    "openCount": 2,
  },
  "bug-cycle-time": {
    "avgDays": 5.541666666666667,
    "count": 12,
    "excludedOutliers": 0,
    "medianDays": 4.291666666666667,
    "p85Days": 8.291666666666666,
    "p95Days": 8.291666666666666,
    "unit": "j",
  },
  "bug-throughput": {
    "avgPerWeek": 1.5,
    "byWeek": [
      {
        "count": 1,
        "week": "2025-W36",
      },
      {
        "count": 1,
        "week": "2025-W38",
      },
      {
        "count": 1,
        "week": "2025-W40",
      },
      {
        "count": 1,
        "week": "2025-W42",
      },
      {
        "count": 2,
        "week": "2025-W44",
      },
      {
        "count": 2,
        "week": "2025-W46",
      },
      {
        "count": 2,
        "week": "2025-W48",
      },
      {
        "count": 2,
        "week": "2025-W50",
      },
    ],
  },
  "cycle-time": {
    "avgDays": 5.708333333333333,
    "count": 24,
    "excludedOutliers": 0,
    "issues": [
      {
        "cycleTimeDays": 6.291666666666666,
        "issueKey": "DEMO-1",
        "resolvedAt": "2025-09-10T16:00:00.000Z",
        "startedAt": "2025-09-02T09:00:00.000Z",
      },
      {
        "cycleTimeDays": 2.2916666666666665,
        "issueKey": "DEMO-10",
        "resolvedAt": "2025-10-03T16:00:00.000Z",
        "startedAt": "2025-10-01T09:00:00.000Z",
      },
      {
        "cycleTimeDays": 8.291666666666666,
        "issueKey": "DEMO-11",
        "resolvedAt": "2025-10-10T16:00:00.000Z",
        "startedAt": "2025-09-30T09:00:00.000Z",
      },
      {
        "cycleTimeDays": 6.291666666666666,
        "issueKey": "DEMO-13",
        "resolvedAt": "2025-10-22T16:00:00.000Z",
        "startedAt": "2025-10-14T09:00:00.000Z",
      },
      {
        "cycleTimeDays": 2.2916666666666665,
        "issueKey": "DEMO-14",
        "resolvedAt": "2025-10-17T16:00:00.000Z",
        "startedAt": "2025-10-15T09:00:00.000Z",
      },
      {
        "cycleTimeDays": 8.291666666666666,
        "issueKey": "DEMO-15",
        "resolvedAt": "2025-10-24T16:00:00.000Z",
        "startedAt": "2025-10-14T09:00:00.000Z",
      },
      {
        "cycleTimeDays": 8.291666666666666,
        "issueKey": "DEMO-17",
        "resolvedAt": "2025-11-07T16:00:00.000Z",
        "startedAt": "2025-10-28T09:00:00.000Z",
      },
      {
        "cycleTimeDays": 7.291666666666666,
        "issueKey": "DEMO-18",
        "resolvedAt": "2025-11-07T16:00:00.000Z",
        "startedAt": "2025-10-29T09:00:00.000Z",
      },
      {
        "cycleTimeDays": 2.291666666666667,
        "issueKey": "DEMO-19",
        "resolvedAt": "2025-11-03T16:00:00.000Z",
        "startedAt": "2025-10-30T09:00:00.000Z",
      },
      {
        "cycleTimeDays": 2.2916666666666665,
        "issueKey": "DEMO-2",
        "resolvedAt": "2025-09-05T16:00:00.000Z",
        "startedAt": "2025-09-03T09:00:00.000Z",
      },
      {
        "cycleTimeDays": 6.291666666666666,
        "issueKey": "DEMO-22",
        "resolvedAt": "2025-11-19T16:00:00.000Z",
        "startedAt": "2025-11-11T09:00:00.000Z",
      },
      {
        "cycleTimeDays": 2.2916666666666665,
        "issueKey": "DEMO-23",
        "resolvedAt": "2025-11-14T16:00:00.000Z",
        "startedAt": "2025-11-12T09:00:00.000Z",
      },
      {
        "cycleTimeDays": 7.291666666666666,
        "issueKey": "DEMO-25",
        "resolvedAt": "2025-11-21T16:00:00.000Z",
        "startedAt": "2025-11-12T09:00:00.000Z",
      },
      {
        "cycleTimeDays": 6.291666666666666,
        "issueKey": "DEMO-26",
        "resolvedAt": "2025-12-03T16:00:00.000Z",
        "startedAt": "2025-11-25T09:00:00.000Z",
      },
      {
        "cycleTimeDays": 8.291666666666666,
        "issueKey": "DEMO-27",
        "resolvedAt": "2025-12-05T16:00:00.000Z",
        "startedAt": "2025-11-25T09:00:00.000Z",
      },
      {
        "cycleTimeDays": 8.291666666666666,
        "issueKey": "DEMO-29",
        "resolvedAt": "2025-12-05T16:00:00.000Z",
        "startedAt": "2025-11-25T09:00:00.000Z",
      },
      {
        "cycleTimeDays": 6.291666666666666,
        "issueKey": "DEMO-3",
        "resolvedAt": "2025-09-12T16:00:00.000Z",
        "startedAt": "2025-09-04T09:00:00.000Z",
      },
      {
        "cycleTimeDays": 2.2916666666666665,
        "issueKey": "DEMO-30",
        "resolvedAt": "2025-12-11T16:00:00.000Z",
        "startedAt": "2025-12-09T09:00:00.000Z",
      },
      {
        "cycleTimeDays": 2.2916666666666665,
        "issueKey": "DEMO-31",
        "resolvedAt": "2025-12-12T16:00:00.000Z",
        "startedAt": "2025-12-10T09:00:00.000Z",
      },
      {
        "cycleTimeDays": 8.291666666666666,
        "issueKey": "DEMO-32",
        "resolvedAt": "2025-12-19T16:00:00.000Z",
        "startedAt": "2025-12-09T09:00:00.000Z",
      },
      {
        "cycleTimeDays": 8.291666666666666,
        "issueKey": "DEMO-5",
        "resolvedAt": "2025-09-26T16:00:00.000Z",
        "startedAt": "2025-09-16T09:00:00.000Z",
      },
      {
        "cycleTimeDays": 2.2916666666666665,
        "issueKey": "DEMO-6",
        "resolvedAt": "2025-09-19T16:00:00.000Z",
        "startedAt": "2025-09-17T09:00:00.000Z",
      },
      {
        "cycleTimeDays": 8.291666666666666,
        "issueKey": "DEMO-7",
        "resolvedAt": "2025-09-26T16:00:00.000Z",
        "startedAt": "2025-09-16T09:00:00.000Z",
      },
      {
        "cycleTimeDays": 6.291666666666666,
        "issueKey": "DEMO-9",
        "resolvedAt": "2025-10-08T16:00:00.000Z",
        "startedAt": "2025-09-30T09:00:00.000Z",
      },
    ],
    "medianDays": 6.291666666666666,
    "p85Days": 8.291666666666666,
    "p95Days": 8.291666666666666,
  },
  "cycle-time-by-size": {
    "buckets": {
      "L": {
        "avgDays": 8.091666666666665,
        "count": 5,
        "excludedOutliers": 0,
        "medianDays": 8.291666666666666,
        "p85Days": 8.291666666666666,
        "p95Days": 8.291666666666666,
      },
      "M": {
        "avgDays": 6.291666666666666,
        "count": 4,
        "excludedOutliers": 1,
        "medianDays": 6.291666666666666,
        "p85Days": 6.291666666666666,
        "p95Days": 6.291666666666666,
      },
      "S": {
        "avgDays": 2.2916666666666665,
        "count": 4,
        "excludedOutliers": 0,
        "medianDays": 2.2916666666666665,
        "p85Days": 2.2916666666666665,
        "p95Days": 2.2916666666666665,
      },
      "UNESTIMATED": {
        "avgDays": 6.958333333333333,
        "count": 3,
        "excludedOutliers": 0,
        "medianDays": 6.291666666666666,
        "p85Days": 8.291666666666666,
        "p95Days": 8.291666666666666,
      },
      "XL": {
        "avgDays": 7.958333333333333,
        "count": 3,
        "excludedOutliers": 0,
        "medianDays": 8.291666666666666,
        "p85Days": 8.291666666666666,
        "p95Days": 8.291666666666666,
      },
      "XS": {
        "avgDays": 2.2916666666666665,
        "count": 3,
        "excludedOutliers": 1,
        "medianDays": 2.2916666666666665,
        "p85Days": 2.2916666666666665,
        "p95Days": 2.2916666666666665,
      },
    },
  },
  "cycle-time-normalized": {
    "avgDays": 2.5320669934640527,
    "count": 17,
    "excludedOutliers": 4,
    "medianDays": 3.0555555555555554,
    "p85Days": 3.145833333333333,
    "p95Days": 4.145833333333333,
    "unit": "ratio (cycle réel / estimé)",
  },
  "dev-time-allocation": {
    "avgBugRatio": 0,
    "byWeek": [
      {
        "bugDays": 0,
        "bugRatio": 0,
        "featureDays": 12.291666666666666,
        "week": "2025-W36",
      },
      {
        "bugDays": 0,
        "bugRatio": 0,
        "featureDays": 2.583333333333332,
        "week": "2025-W37",
      },
      {
        "bugDays": 0,
        "bugRatio": 0,
        "featureDays": 12.291666666666666,
        "week": "2025-W38",
      },
      {
        "bugDays": 0,
        "bugRatio": 0,
        "featureDays": 6.583333333333332,
        "week": "2025-W39",
      },
      {
        "bugDays": 0,
        "bugRatio": 0,
        "featureDays": 12.291666666666666,
        "week": "2025-W40",
      },
      {
        "bugDays": 0,
        "bugRatio": 0,
        "featureDays": 4.583333333333332,
        "week": "2025-W41",
      },
      {
        "bugDays": 0,
        "bugRatio": 0,
        "featureDays": 12.291666666666666,
        "week": "2025-W42",
      },
      {
        "bugDays": 0,
        "bugRatio": 0,
        "featureDays": 4.583333333333332,
        "week": "2025-W43",
      },
      {
        "bugDays": 0,
        "bugRatio": 0,
        "featureDays": 12.291666666666668,
        "week": "2025-W44",
      },
      {
        "bugDays": 0,
        "bugRatio": 0,
        "featureDays": 5.583333333333332,
        "week": "2025-W45",
      },
      {
        "bugDays": 0,
        "bugRatio": 0,
        "featureDays": 12.291666666666666,
        "week": "2025-W46",
      },
      {
        "bugDays": 0,
        "bugRatio": 0,
        "featureDays": 3.583333333333332,
        "week": "2025-W47",
      },
      {
        "bugDays": 0,
        "bugRatio": 0,
        "featureDays": 15,
        "week": "2025-W48",
      },
      {
        "bugDays": 0,
        "bugRatio": 0,
        "featureDays": 7.874999999999998,
        "week": "2025-W49",
      },
      {
        "bugDays": 0,
        "bugRatio": 0,
        "featureDays": 9.583333333333332,
        "week": "2025-W50",
      },
      {
        "bugDays": 0,
        "bugRatio": 0,
        "featureDays": 3.291666666666666,
        "week": "2025-W51",
      },
      {
        "bugDays": 0,
        "bugRatio": 0,
        "featureDays": 9.625,
        "week": "2026-W02",
      },
      {
        "bugDays": 0,
        "bugRatio": 0,
        "featureDays": 3.25,
        "week": "2026-W03",
      },
    ],
  },
  "first-time-right": {
    "count": 24,
    "ftrByRole": {
      "dev": {
        "avgPasses": 1,
        "eligible": 24,
        "firstTimeRight": 24,
        "ftrRate": 1,
      },
      "po": {
        "avgPasses": 1,
        "eligible": 2,
        "firstTimeRight": 2,
        "ftrRate": 1,
      },
      "qa": {
        "avgPasses": 1.1428571428571428,
        "eligible": 7,
        "firstTimeRight": 6,
        "ftrRate": 0.8571428571428571,
      },
    },
  },
  "flow-efficiency": {
    "aggregateFlowEfficiency": 0.6386861313868614,
    "count": 24,
    "excludedOutliers": 0,
    "issues": [
      {
        "activeDays": 2,
        "flowEfficiency": 0.31788079470198677,
        "issueKey": "DEMO-1",
        "queueDays": 4.291666666666666,
        "resolvedAt": "2025-09-10T16:00:00.000Z",
        "startedAt": "2025-09-02T09:00:00.000Z",
        "totalDays": 6.291666666666666,
      },
      {
        "activeDays": 2.2916666666666665,
        "flowEfficiency": 1,
        "issueKey": "DEMO-10",
        "queueDays": 0,
        "resolvedAt": "2025-10-03T16:00:00.000Z",
        "startedAt": "2025-10-01T09:00:00.000Z",
        "totalDays": 2.2916666666666665,
      },
      {
        "activeDays": 3,
        "flowEfficiency": 0.36180904522613067,
        "issueKey": "DEMO-11",
        "queueDays": 5.291666666666666,
        "resolvedAt": "2025-10-10T16:00:00.000Z",
        "startedAt": "2025-09-30T09:00:00.000Z",
        "totalDays": 8.291666666666666,
      },
      {
        "activeDays": 3,
        "flowEfficiency": 0.4768211920529801,
        "issueKey": "DEMO-13",
        "queueDays": 3.291666666666667,
        "resolvedAt": "2025-10-22T16:00:00.000Z",
        "startedAt": "2025-10-14T09:00:00.000Z",
        "totalDays": 6.291666666666667,
      },
      {
        "activeDays": 2.2916666666666665,
        "flowEfficiency": 1,
        "issueKey": "DEMO-14",
        "queueDays": 0,
        "resolvedAt": "2025-10-17T16:00:00.000Z",
        "startedAt": "2025-10-15T09:00:00.000Z",
        "totalDays": 2.2916666666666665,
      },
      {
        "activeDays": 8.291666666666666,
        "flowEfficiency": 1,
        "issueKey": "DEMO-15",
        "queueDays": 0,
        "resolvedAt": "2025-10-24T16:00:00.000Z",
        "startedAt": "2025-10-14T09:00:00.000Z",
        "totalDays": 8.291666666666666,
      },
      {
        "activeDays": 4,
        "flowEfficiency": 0.48241206030150746,
        "issueKey": "DEMO-17",
        "queueDays": 4.291666666666667,
        "resolvedAt": "2025-11-07T16:00:00.000Z",
        "startedAt": "2025-10-28T09:00:00.000Z",
        "totalDays": 8.291666666666668,
      },
      {
        "activeDays": 4,
        "flowEfficiency": 0.5485714285714286,
        "issueKey": "DEMO-18",
        "queueDays": 3.2916666666666665,
        "resolvedAt": "2025-11-07T16:00:00.000Z",
        "startedAt": "2025-10-29T09:00:00.000Z",
        "totalDays": 7.291666666666666,
      },
      {
        "activeDays": 2.291666666666667,
        "flowEfficiency": 1,
        "issueKey": "DEMO-19",
        "queueDays": 0,
        "resolvedAt": "2025-11-03T16:00:00.000Z",
        "startedAt": "2025-10-30T09:00:00.000Z",
        "totalDays": 2.291666666666667,
      },
      {
        "activeDays": 2.2916666666666665,
        "flowEfficiency": 1,
        "issueKey": "DEMO-2",
        "queueDays": 0,
        "resolvedAt": "2025-09-05T16:00:00.000Z",
        "startedAt": "2025-09-03T09:00:00.000Z",
        "totalDays": 2.2916666666666665,
      },
      {
        "activeDays": 3,
        "flowEfficiency": 0.4768211920529801,
        "issueKey": "DEMO-22",
        "queueDays": 3.291666666666667,
        "resolvedAt": "2025-11-19T16:00:00.000Z",
        "startedAt": "2025-11-11T09:00:00.000Z",
        "totalDays": 6.291666666666667,
      },
      {
        "activeDays": 2.2916666666666665,
        "flowEfficiency": 1,
        "issueKey": "DEMO-23",
        "queueDays": 0,
        "resolvedAt": "2025-11-14T16:00:00.000Z",
        "startedAt": "2025-11-12T09:00:00.000Z",
        "totalDays": 2.2916666666666665,
      },
      {
        "activeDays": 7.291666666666666,
        "flowEfficiency": 1,
        "issueKey": "DEMO-25",
        "queueDays": 0,
        "resolvedAt": "2025-11-21T16:00:00.000Z",
        "startedAt": "2025-11-12T09:00:00.000Z",
        "totalDays": 7.291666666666666,
      },
      {
        "activeDays": 6.291666666666666,
        "flowEfficiency": 1,
        "issueKey": "DEMO-26",
        "queueDays": 0,
        "resolvedAt": "2025-12-03T16:00:00.000Z",
        "startedAt": "2025-11-25T09:00:00.000Z",
        "totalDays": 6.291666666666666,
      },
      {
        "activeDays": 4,
        "flowEfficiency": 0.48241206030150746,
        "issueKey": "DEMO-27",
        "queueDays": 4.291666666666667,
        "resolvedAt": "2025-12-05T16:00:00.000Z",
        "startedAt": "2025-11-25T09:00:00.000Z",
        "totalDays": 8.291666666666668,
      },
      {
        "activeDays": 4,
        "flowEfficiency": 0.48241206030150746,
        "issueKey": "DEMO-29",
        "queueDays": 4.291666666666667,
        "resolvedAt": "2025-12-05T16:00:00.000Z",
        "startedAt": "2025-11-25T09:00:00.000Z",
        "totalDays": 8.291666666666668,
      },
      {
        "activeDays": 6.291666666666666,
        "flowEfficiency": 1,
        "issueKey": "DEMO-3",
        "queueDays": 0,
        "resolvedAt": "2025-09-12T16:00:00.000Z",
        "startedAt": "2025-09-04T09:00:00.000Z",
        "totalDays": 6.291666666666666,
      },
      {
        "activeDays": 2.2916666666666665,
        "flowEfficiency": 1,
        "issueKey": "DEMO-30",
        "queueDays": 0,
        "resolvedAt": "2025-12-11T16:00:00.000Z",
        "startedAt": "2025-12-09T09:00:00.000Z",
        "totalDays": 2.2916666666666665,
      },
      {
        "activeDays": 2.2916666666666665,
        "flowEfficiency": 1,
        "issueKey": "DEMO-31",
        "queueDays": 0,
        "resolvedAt": "2025-12-12T16:00:00.000Z",
        "startedAt": "2025-12-10T09:00:00.000Z",
        "totalDays": 2.2916666666666665,
      },
      {
        "activeDays": 3,
        "flowEfficiency": 0.3618090452261306,
        "issueKey": "DEMO-32",
        "queueDays": 5.291666666666667,
        "resolvedAt": "2025-12-19T16:00:00.000Z",
        "startedAt": "2025-12-09T09:00:00.000Z",
        "totalDays": 8.291666666666668,
      },
      {
        "activeDays": 3,
        "flowEfficiency": 0.3618090452261306,
        "issueKey": "DEMO-5",
        "queueDays": 5.291666666666667,
        "resolvedAt": "2025-09-26T16:00:00.000Z",
        "startedAt": "2025-09-16T09:00:00.000Z",
        "totalDays": 8.291666666666668,
      },
      {
        "activeDays": 2.2916666666666665,
        "flowEfficiency": 1,
        "issueKey": "DEMO-6",
        "queueDays": 0,
        "resolvedAt": "2025-09-19T16:00:00.000Z",
        "startedAt": "2025-09-17T09:00:00.000Z",
        "totalDays": 2.2916666666666665,
      },
      {
        "activeDays": 4,
        "flowEfficiency": 0.48241206030150746,
        "issueKey": "DEMO-7",
        "queueDays": 4.291666666666667,
        "resolvedAt": "2025-09-26T16:00:00.000Z",
        "startedAt": "2025-09-16T09:00:00.000Z",
        "totalDays": 8.291666666666668,
      },
      {
        "activeDays": 4,
        "flowEfficiency": 0.6357615894039735,
        "issueKey": "DEMO-9",
        "queueDays": 2.2916666666666665,
        "resolvedAt": "2025-10-08T16:00:00.000Z",
        "startedAt": "2025-09-30T09:00:00.000Z",
        "totalDays": 6.291666666666666,
      },
    ],
    "medianFlowEfficiency": 0.6357615894039735,
    "p15FlowEfficiency": 0.36180904522613067,
    "totalActiveDays": 87.50000000000001,
    "totalQueueDays": 49.49999999999999,
    "unit": "ratio (actif / total)",
  },
  "forecast": {
    "byHorizon": [
      {
        "p15": 1,
        "p50": 3,
        "p85": 5,
        "p95": 5,
        "weeks": 1,
      },
      {
        "p15": 3,
        "p50": 5,
        "p85": 8,
        "p95": 9,
        "weeks": 2,
      },
      {
        "p15": 8,
        "p50": 10,
        "p85": 14,
        "p95": 16,
        "weeks": 4,
      },
      {
        "p15": 17,
        "p50": 21,
        "p85": 26,
        "p95": 28,
        "weeks": 8,
      },
    ],
    "recentWeeks": [
      1,
      3,
      1,
      3,
      1,
      3,
      5,
      1,
      4,
      5,
      2,
      3,
    ],
    "simulations": 10000,
    "unit": "issues",
    "weeksUsed": 12,
  },
  "handoff-rework": {
    "avgReworks": 0.041666666666666664,
    "byReworkType": {
      "poDev": 0,
      "poToQa": 1,
      "qaToDev": 0,
    },
    "count": 24,
    "issues": [
      {
        "issueKey": "DEMO-27",
        "reworkCount": 1,
        "reworkTypes": [
          "poToQa",
        ],
      },
    ],
    "reworkRatio": 0.041666666666666664,
  },
  "lead-time": {
    "avgDays": 7.166666666666665,
    "count": 24,
    "excludedOutliers": 0,
    "issues": [
      {
        "issueKey": "DEMO-1",
        "leadTimeDays": 7.291666666666666,
        "resolvedAt": "2025-09-10T16:00:00.000Z",
        "todoAt": "2025-09-01T09:00:00.000Z",
      },
      {
        "issueKey": "DEMO-10",
        "leadTimeDays": 4.291666666666667,
        "resolvedAt": "2025-10-03T16:00:00.000Z",
        "todoAt": "2025-09-29T09:00:00.000Z",
      },
      {
        "issueKey": "DEMO-11",
        "leadTimeDays": 9.291666666666666,
        "resolvedAt": "2025-10-10T16:00:00.000Z",
        "todoAt": "2025-09-29T09:00:00.000Z",
      },
      {
        "issueKey": "DEMO-13",
        "leadTimeDays": 7.291666666666666,
        "resolvedAt": "2025-10-22T16:00:00.000Z",
        "todoAt": "2025-10-13T09:00:00.000Z",
      },
      {
        "issueKey": "DEMO-14",
        "leadTimeDays": 4.291666666666667,
        "resolvedAt": "2025-10-17T16:00:00.000Z",
        "todoAt": "2025-10-13T09:00:00.000Z",
      },
      {
        "issueKey": "DEMO-15",
        "leadTimeDays": 9.291666666666666,
        "resolvedAt": "2025-10-24T16:00:00.000Z",
        "todoAt": "2025-10-13T09:00:00.000Z",
      },
      {
        "issueKey": "DEMO-17",
        "leadTimeDays": 9.291666666666666,
        "resolvedAt": "2025-11-07T16:00:00.000Z",
        "todoAt": "2025-10-27T09:00:00.000Z",
      },
      {
        "issueKey": "DEMO-18",
        "leadTimeDays": 9.291666666666666,
        "resolvedAt": "2025-11-07T16:00:00.000Z",
        "todoAt": "2025-10-27T09:00:00.000Z",
      },
      {
        "issueKey": "DEMO-19",
        "leadTimeDays": 5.291666666666667,
        "resolvedAt": "2025-11-03T16:00:00.000Z",
        "todoAt": "2025-10-27T09:00:00.000Z",
      },
      {
        "issueKey": "DEMO-2",
        "leadTimeDays": 4.291666666666667,
        "resolvedAt": "2025-09-05T16:00:00.000Z",
        "todoAt": "2025-09-01T09:00:00.000Z",
      },
      {
        "issueKey": "DEMO-22",
        "leadTimeDays": 7.291666666666666,
        "resolvedAt": "2025-11-19T16:00:00.000Z",
        "todoAt": "2025-11-10T09:00:00.000Z",
      },
      {
        "issueKey": "DEMO-23",
        "leadTimeDays": 4.291666666666667,
        "resolvedAt": "2025-11-14T16:00:00.000Z",
        "todoAt": "2025-11-10T09:00:00.000Z",
      },
      {
        "issueKey": "DEMO-25",
        "leadTimeDays": 9.291666666666666,
        "resolvedAt": "2025-11-21T16:00:00.000Z",
        "todoAt": "2025-11-10T09:00:00.000Z",
      },
      {
        "issueKey": "DEMO-26",
        "leadTimeDays": 7.291666666666666,
        "resolvedAt": "2025-12-03T16:00:00.000Z",
        "todoAt": "2025-11-24T09:00:00.000Z",
      },
      {
        "issueKey": "DEMO-27",
        "leadTimeDays": 9.291666666666666,
        "resolvedAt": "2025-12-05T16:00:00.000Z",
        "todoAt": "2025-11-24T09:00:00.000Z",
      },
      {
        "issueKey": "DEMO-29",
        "leadTimeDays": 9.291666666666666,
        "resolvedAt": "2025-12-05T16:00:00.000Z",
        "todoAt": "2025-11-24T09:00:00.000Z",
      },
      {
        "issueKey": "DEMO-3",
        "leadTimeDays": 8.291666666666666,
        "resolvedAt": "2025-09-12T16:00:00.000Z",
        "todoAt": "2025-09-02T09:00:00.000Z",
      },
      {
        "issueKey": "DEMO-30",
        "leadTimeDays": 3.2916666666666665,
        "resolvedAt": "2025-12-11T16:00:00.000Z",
        "todoAt": "2025-12-08T09:00:00.000Z",
      },
      {
        "issueKey": "DEMO-31",
        "leadTimeDays": 4.291666666666667,
        "resolvedAt": "2025-12-12T16:00:00.000Z",
        "todoAt": "2025-12-08T09:00:00.000Z",
      },
      {
        "issueKey": "DEMO-32",
        "leadTimeDays": 9.291666666666666,
        "resolvedAt": "2025-12-19T16:00:00.000Z",
        "todoAt": "2025-12-08T09:00:00.000Z",
      },
      {
        "issueKey": "DEMO-5",
        "leadTimeDays": 9.291666666666666,
        "resolvedAt": "2025-09-26T16:00:00.000Z",
        "todoAt": "2025-09-15T09:00:00.000Z",
      },
      {
        "issueKey": "DEMO-6",
        "leadTimeDays": 4.291666666666667,
        "resolvedAt": "2025-09-19T16:00:00.000Z",
        "todoAt": "2025-09-15T09:00:00.000Z",
      },
      {
        "issueKey": "DEMO-7",
        "leadTimeDays": 9.291666666666666,
        "resolvedAt": "2025-09-26T16:00:00.000Z",
        "todoAt": "2025-09-15T09:00:00.000Z",
      },
      {
        "issueKey": "DEMO-9",
        "leadTimeDays": 7.291666666666666,
        "resolvedAt": "2025-10-08T16:00:00.000Z",
        "todoAt": "2025-09-29T09:00:00.000Z",
      },
    ],
    "medianDays": 7.291666666666666,
    "p85Days": 9.291666666666666,
    "p95Days": 9.291666666666666,
  },
  "lead-time-by-size": {
    "buckets": {
      "L": {
        "avgDays": 9.291666666666666,
        "count": 5,
        "excludedOutliers": 0,
        "medianDays": 9.291666666666666,
        "p85Days": 9.291666666666666,
        "p95Days": 9.291666666666666,
      },
      "M": {
        "avgDays": 7.291666666666666,
        "count": 4,
        "excludedOutliers": 1,
        "medianDays": 7.291666666666666,
        "p85Days": 7.291666666666666,
        "p95Days": 7.291666666666666,
      },
      "S": {
        "avgDays": 4.291666666666667,
        "count": 4,
        "excludedOutliers": 0,
        "medianDays": 4.291666666666667,
        "p85Days": 4.291666666666667,
        "p95Days": 4.291666666666667,
      },
      "UNESTIMATED": {
        "avgDays": 8.291666666666666,
        "count": 3,
        "excludedOutliers": 0,
        "medianDays": 8.291666666666666,
        "p85Days": 9.291666666666666,
        "p95Days": 9.291666666666666,
      },
      "XL": {
        "avgDays": 9.291666666666666,
        "count": 3,
        "excludedOutliers": 0,
        "medianDays": 9.291666666666666,
        "p85Days": 9.291666666666666,
        "p95Days": 9.291666666666666,
      },
      "XS": {
        "avgDays": 4.291666666666667,
        "count": 4,
        "excludedOutliers": 0,
        "medianDays": 4.291666666666667,
        "p85Days": 5.291666666666667,
        "p95Days": 5.291666666666667,
      },
    },
  },
  "lead-time-normalized": {
    "avgDays": 3.4340277777777772,
    "count": 17,
    "excludedOutliers": 4,
    "medianDays": 3.645833333333333,
    "p85Days": 5.722222222222222,
    "p95Days": 5.722222222222222,
    "unit": "ratio (lead réel / estimé)",
  },
  "scope-change-rate": {
    "bySprint": {
      "Sprint 1": {
        "byChangeType": {
          "description": 0,
        },
        "changeRatio": 0,
        "changedIssues": 0,
        "issueDetails": [],
        "totalIssues": 4,
      },
      "Sprint 2": {
        "byChangeType": {
          "description": 0,
        },
        "changeRatio": 0,
        "changedIssues": 0,
        "issueDetails": [],
        "totalIssues": 4,
      },
      "Sprint 3": {
        "byChangeType": {
          "description": 0,
        },
        "changeRatio": 0,
        "changedIssues": 0,
        "issueDetails": [],
        "totalIssues": 4,
      },
      "Sprint 4": {
        "byChangeType": {
          "description": 0,
        },
        "changeRatio": 0,
        "changedIssues": 0,
        "issueDetails": [],
        "totalIssues": 4,
      },
      "Sprint 5": {
        "byChangeType": {
          "description": 0,
        },
        "changeRatio": 0,
        "changedIssues": 0,
        "issueDetails": [],
        "totalIssues": 5,
      },
      "Sprint 6": {
        "byChangeType": {
          "description": 0,
        },
        "changeRatio": 0,
        "changedIssues": 0,
        "issueDetails": [],
        "totalIssues": 5,
      },
      "Sprint 7": {
        "byChangeType": {
          "description": 0,
        },
        "changeRatio": 0,
        "changedIssues": 0,
        "issueDetails": [],
        "totalIssues": 5,
      },
      "Sprint 8": {
        "byChangeType": {
          "description": 0,
        },
        "changeRatio": 0,
        "changedIssues": 0,
        "issueDetails": [],
        "totalIssues": 5,
      },
      "Sprint 9": {
        "byChangeType": {
          "description": 0,
        },
        "changeRatio": 0,
        "changedIssues": 0,
        "issueDetails": [],
        "totalIssues": 7,
      },
    },
    "changeRatio": 0,
    "changedIssueKeys": [],
    "changedIssues": 0,
    "totalIssues": 43,
  },
  "stage-throughput-gap": {
    "avgNetByRole": {
      "dev": 0.25,
      "po": 0.05,
      "qa": 0.05,
    },
    "byWeek": [
      {
        "devIn": 4,
        "devNet": 3,
        "devOut": 1,
        "poIn": 0,
        "poNet": 0,
        "poOut": 0,
        "qaIn": 0,
        "qaNet": 0,
        "qaOut": 0,
        "week": "2025-W36",
      },
      {
        "devIn": 0,
        "devNet": -3,
        "devOut": 3,
        "poIn": 0,
        "poNet": 0,
        "poOut": 0,
        "qaIn": 1,
        "qaNet": 0,
        "qaOut": 1,
        "week": "2025-W37",
      },
      {
        "devIn": 4,
        "devNet": 3,
        "devOut": 1,
        "poIn": 0,
        "poNet": 0,
        "poOut": 0,
        "qaIn": 0,
        "qaNet": 0,
        "qaOut": 0,
        "week": "2025-W38",
      },
      {
        "devIn": 0,
        "devNet": -3,
        "devOut": 3,
        "poIn": 1,
        "poNet": 0,
        "poOut": 1,
        "qaIn": 1,
        "qaNet": 0,
        "qaOut": 1,
        "week": "2025-W39",
      },
      {
        "devIn": 4,
        "devNet": 3,
        "devOut": 1,
        "poIn": 0,
        "poNet": 0,
        "poOut": 0,
        "qaIn": 0,
        "qaNet": 0,
        "qaOut": 0,
        "week": "2025-W40",
      },
      {
        "devIn": 0,
        "devNet": -3,
        "devOut": 3,
        "poIn": 0,
        "poNet": 0,
        "poOut": 0,
        "qaIn": 2,
        "qaNet": 0,
        "qaOut": 2,
        "week": "2025-W41",
      },
      {
        "devIn": 4,
        "devNet": 3,
        "devOut": 1,
        "poIn": 0,
        "poNet": 0,
        "poOut": 0,
        "qaIn": 0,
        "qaNet": 0,
        "qaOut": 0,
        "week": "2025-W42",
      },
      {
        "devIn": 0,
        "devNet": -3,
        "devOut": 3,
        "poIn": 0,
        "poNet": 0,
        "poOut": 0,
        "qaIn": 0,
        "qaNet": 0,
        "qaOut": 0,
        "week": "2025-W43",
      },
      {
        "devIn": 5,
        "devNet": 5,
        "devOut": 0,
        "poIn": 0,
        "poNet": 0,
        "poOut": 0,
        "qaIn": 0,
        "qaNet": 0,
        "qaOut": 0,
        "week": "2025-W44",
      },
      {
        "devIn": 1,
        "devNet": -5,
        "devOut": 6,
        "poIn": 0,
        "poNet": 0,
        "poOut": 0,
        "qaIn": 2,
        "qaNet": 0,
        "qaOut": 2,
        "week": "2025-W45",
      },
      {
        "devIn": 5,
        "devNet": 4,
        "devOut": 1,
        "poIn": 0,
        "poNet": 0,
        "poOut": 0,
        "qaIn": 0,
        "qaNet": 0,
        "qaOut": 0,
        "week": "2025-W46",
      },
      {
        "devIn": 1,
        "devNet": -4,
        "devOut": 5,
        "poIn": 0,
        "poNet": 0,
        "poOut": 0,
        "qaIn": 2,
        "qaNet": 0,
        "qaOut": 2,
        "week": "2025-W47",
      },
      {
        "devIn": 5,
        "devNet": 4,
        "devOut": 1,
        "poIn": 0,
        "poNet": 0,
        "poOut": 0,
        "qaIn": 1,
        "qaNet": 1,
        "qaOut": 0,
        "week": "2025-W48",
      },
      {
        "devIn": 1,
        "devNet": -3,
        "devOut": 4,
        "poIn": 1,
        "poNet": 0,
        "poOut": 1,
        "qaIn": 2,
        "qaNet": -1,
        "qaOut": 3,
        "week": "2025-W49",
      },
      {
        "devIn": 5,
        "devNet": 3,
        "devOut": 2,
        "poIn": 0,
        "poNet": 0,
        "poOut": 0,
        "qaIn": 0,
        "qaNet": 0,
        "qaOut": 0,
        "week": "2025-W50",
      },
      {
        "devIn": 1,
        "devNet": -3,
        "devOut": 4,
        "poIn": 0,
        "poNet": 0,
        "poOut": 0,
        "qaIn": 2,
        "qaNet": 1,
        "qaOut": 1,
        "week": "2025-W51",
      },
      {
        "devIn": 1,
        "devNet": 1,
        "devOut": 0,
        "poIn": 1,
        "poNet": 1,
        "poOut": 0,
        "qaIn": 0,
        "qaNet": -1,
        "qaOut": 1,
        "week": "2025-W52",
      },
      {
        "devIn": 1,
        "devNet": 0,
        "devOut": 1,
        "poIn": 0,
        "poNet": 0,
        "poOut": 0,
        "qaIn": 1,
        "qaNet": 1,
        "qaOut": 0,
        "week": "2026-W01",
      },
      {
        "devIn": 2,
        "devNet": 2,
        "devOut": 0,
        "poIn": 0,
        "poNet": 0,
        "poOut": 0,
        "qaIn": 0,
        "qaNet": 0,
        "qaOut": 0,
        "week": "2026-W02",
      },
      {
        "devIn": 1,
        "devNet": 1,
        "devOut": 0,
        "poIn": 0,
        "poNet": 0,
        "poOut": 0,
        "qaIn": 0,
        "qaNet": 0,
        "qaOut": 0,
        "week": "2026-W03",
      },
    ],
  },
  "stage-time-breakdown": {
    "avgShareByRole": {
      "dev": 0.8819164808590411,
      "po": 0.011515912897822445,
      "qa": 0.1065676062431362,
    },
    "byRole": {
      "dev": {
        "avgDays": 4.789930555555556,
        "count": 24,
        "excludedOutliers": 0,
        "medianDays": 4,
        "p85Days": 7.291666666666666,
        "p95Days": 8.291666666666668,
      },
      "po": {
        "avgDays": 0.09548611111111112,
        "count": 24,
        "excludedOutliers": 0,
        "medianDays": 0,
        "p85Days": 0,
        "p95Days": 1,
      },
      "qa": {
        "avgDays": 0.8229166666666666,
        "count": 24,
        "excludedOutliers": 0,
        "medianDays": 0,
        "p85Days": 3,
        "p95Days": 3.291666666666667,
      },
    },
    "count": 24,
    "excludedOutliers": 0,
  },
  "throughput": {
    "avgPerWeek": 2.5714285714285716,
    "byWeek": [
      {
        "count": 1,
        "week": "2025-W35",
      },
      {
        "count": 3,
        "week": "2025-W36",
      },
      {
        "count": 1,
        "week": "2025-W37",
      },
      {
        "count": 3,
        "week": "2025-W38",
      },
      {
        "count": 1,
        "week": "2025-W39",
      },
      {
        "count": 3,
        "week": "2025-W40",
      },
      {
        "count": 1,
        "week": "2025-W41",
      },
      {
        "count": 3,
        "week": "2025-W42",
      },
      {
        "count": 5,
        "week": "2025-W44",
      },
      {
        "count": 1,
        "week": "2025-W45",
      },
      {
        "count": 4,
        "week": "2025-W46",
      },
      {
        "count": 5,
        "week": "2025-W48",
      },
      {
        "count": 2,
        "week": "2025-W49",
      },
      {
        "count": 3,
        "week": "2025-W50",
      },
    ],
  },
  "throughput-weighted": {
    "avgPerWeek": 3.7142857142857144,
    "byWeek": [
      {
        "estimatedCount": 1,
        "estimatedDays": 0.25,
        "unestimatedCount": 0,
        "week": "2025-W35",
      },
      {
        "estimatedCount": 1,
        "estimatedDays": 2,
        "unestimatedCount": 1,
        "week": "2025-W36",
      },
      {
        "estimatedCount": 1,
        "estimatedDays": 0.75,
        "unestimatedCount": 0,
        "week": "2025-W37",
      },
      {
        "estimatedCount": 2,
        "estimatedDays": 10,
        "unestimatedCount": 0,
        "week": "2025-W38",
      },
      {
        "estimatedCount": 1,
        "estimatedDays": 0.25,
        "unestimatedCount": 0,
        "week": "2025-W39",
      },
      {
        "estimatedCount": 2,
        "estimatedDays": 6,
        "unestimatedCount": 0,
        "week": "2025-W40",
      },
      {
        "estimatedCount": 1,
        "estimatedDays": 0.75,
        "unestimatedCount": 0,
        "week": "2025-W41",
      },
      {
        "estimatedCount": 1,
        "estimatedDays": 2,
        "unestimatedCount": 1,
        "week": "2025-W42",
      },
      {
        "estimatedCount": 3,
        "estimatedDays": 10.25,
        "unestimatedCount": 0,
        "week": "2025-W44",
      },
      {
        "estimatedCount": 1,
        "estimatedDays": 0.75,
        "unestimatedCount": 0,
        "week": "2025-W45",
      },
      {
        "estimatedCount": 2,
        "estimatedDays": 8,
        "unestimatedCount": 0,
        "week": "2025-W46",
      },
      {
        "estimatedCount": 2,
        "estimatedDays": 6,
        "unestimatedCount": 1,
        "week": "2025-W48",
      },
      {
        "estimatedCount": 2,
        "estimatedDays": 1,
        "unestimatedCount": 0,
        "week": "2025-W49",
      },
      {
        "estimatedCount": 1,
        "estimatedDays": 4,
        "unestimatedCount": 0,
        "week": "2025-W50",
      },
    ],
  },
  "wip": {
    "currentWip": 7,
    "issueKeys": [
      "DEMO-34",
      "DEMO-35",
      "DEMO-36",
      "DEMO-37",
      "DEMO-38",
      "DEMO-42",
      "DEMO-43",
    ],
    "sprintName": "Sprint 9",
  },
  "wip-per-role": {
    "byRole": {
      "dev": {
        "count": 5,
        "issueKeys": [
          "DEMO-34",
          "DEMO-35",
          "DEMO-38",
          "DEMO-42",
          "DEMO-43",
        ],
      },
      "po": {
        "count": 1,
        "issueKeys": [
          "DEMO-37",
        ],
      },
      "qa": {
        "count": 1,
        "issueKeys": [
          "DEMO-36",
        ],
      },
    },
  },
}
`;
